../Drivers/Src/stm32f446xx_spi_driver.c:23:6:SPI_PeriClockControl	16	static
../Drivers/Src/stm32f446xx_spi_driver.c:74:6:SPI_Init	24	static
../Drivers/Src/stm32f446xx_spi_driver.c:138:6:SPI_DeInit	16	static
../Drivers/Src/stm32f446xx_spi_driver.c:143:9:SPI_GetFlagStatus	16	static
../Drivers/Src/stm32f446xx_spi_driver.c:166:6:SPI_SendData	24	static
../Drivers/Src/stm32f446xx_spi_driver.c:207:6:SPI_ReceiveData	24	static
../Drivers/Src/stm32f446xx_spi_driver.c:249:6:SPI_PeripheralControl	16	static
../Drivers/Src/stm32f446xx_spi_driver.c:277:7:SPI_SSIConfig	16	static
../Drivers/Src/stm32f446xx_spi_driver.c:305:7:SPI_SSOEConfig	16	static
../Drivers/Src/stm32f446xx_spi_driver.c:334:6:SPI_IRQInterruptConfig	16	static
../Drivers/Src/stm32f446xx_spi_driver.c:389:6:SPI_IRQPriorityConfig	24	static
../Drivers/Src/stm32f446xx_spi_driver.c:402:9:SPI_SendDataIT	32	static
../Drivers/Src/stm32f446xx_spi_driver.c:425:9:SPI_ReceiveDataIT	32	static
../Drivers/Src/stm32f446xx_spi_driver.c:452:6:SPI_IRQHandling	24	static
../Drivers/Src/stm32f446xx_spi_driver.c:492:14:spi_txe_interrupt_handle	16	static
../Drivers/Src/stm32f446xx_spi_driver.c:524:14:spi_rxne_interrupt_handle	16	static
../Drivers/Src/stm32f446xx_spi_driver.c:553:14:spi_ovr_err_interrupt_handle	24	static
../Drivers/Src/stm32f446xx_spi_driver.c:570:6:SPI_CloseTransmission	16	static
../Drivers/Src/stm32f446xx_spi_driver.c:579:6:SPI_CloseReception	16	static
../Drivers/Src/stm32f446xx_spi_driver.c:590:6:SPI_ClearOVRFlag	24	static
../Drivers/Src/stm32f446xx_spi_driver.c:601:13:SPI_ApplicationEventCallback	16	static
