06:45:41 **** Incremental Build of configuration Debug for project usart ****
make -j12 all 
arm-none-eabi-size  usart.elf 
   text	   data	    bss	    dec	    hex	filename
   6428	     92	   1900	   8420	   20e4	usart.elf
Finished building: default.size.stdout
 
06:46:11 **** Incremental Build of configuration Debug for project usart ****
make -j12 all 
arm-none-eabi-size  usart.elf 
   text	   data	    bss	    dec	    hex	filename
   6428	     92	   1900	   8420	   20e4	usart.elf
Finished building: default.size.stdout
 
