07:05:25 **** Build of configuration Debug for project ADC_LM35 ****
make -j12 all 
arm-none-eabi-gcc "../Src/main.c" -mcpu=cortex-m4 -std=gnu11 -g3 -DDEBUG -DSTM32 -DSTM32F4 -DSTM32F446RETx -DNUCLEO_F446RE -c -I../Inc -O0 -ffunction-sections -fdata-sections -Wall -fstack-usage -fcyclomatic-complexity -MMD -MP -MF"Src/main.d" -MT"Src/main.o" --specs=nano.specs -mfloat-abi=soft -mthumb -o "Src/main.o"
arm-none-eabi-gcc -o "ADC_LM35.elf" @"objects.list"   -mcpu=cortex-m4 -T"C:\EmbeddedSystemsProjectsEntri\STM32\ADC_LM35\STM32F446RETX_FLASH.ld" --specs=nosys.specs -Wl,-Map="ADC_LM35.map" -Wl,--gc-sections -static --specs=nano.specs -mfloat-abi=soft -mthumb -u _printf_float -Wl,--start-group -lc -lm -Wl,--end-group
Finished building target: ADC_LM35.elf
 
arm-none-eabi-size  ADC_LM35.elf 
arm-none-eabi-objdump -h -S ADC_LM35.elf  > "ADC_LM35.list"
   text	   data	    bss	    dec	    hex	filename
  16540	    456	   1904	  18900	   49d4	ADC_LM35.elf
Finished building: default.size.stdout
 
Finished building: ADC_LM35.list
 

07:05:26 Build Finished. 0 errors, 0 warnings. (took 1s.259ms)

