20:22:51 **** Incremental Build of configuration Debug for project driverDev ****
make -j12 all 
arm-none-eabi-gcc "../Src/main.c" -mcpu=cortex-m4 -std=gnu11 -g3 -DDEBUG -DSTM32 -DSTM32F4 -DSTM32F446RETx -DNUCLEO_F446RE -c -I../Inc -I"C:/EmbeddedSystemsProjectsEntri/STM32/driverDev/Drivers/Inc" -O0 -ffunction-sections -fdata-sections -Wall -fstack-usage -fcyclomatic-complexity -MMD -MP -MF"Src/main.d" -MT"Src/main.o" --specs=nano.specs -mfloat-abi=soft -mthumb -o "Src/main.o"
arm-none-eabi-gcc "../Src/syscalls.c" -mcpu=cortex-m4 -std=gnu11 -g3 -DDEBUG -DSTM32 -DSTM32F4 -DSTM32F446RETx -DNUCLEO_F446RE -c -I../Inc -I"C:/EmbeddedSystemsProjectsEntri/STM32/driverDev/Drivers/Inc" -O0 -ffunction-sections -fdata-sections -Wall -fstack-usage -fcyclomatic-complexity -MMD -MP -MF"Src/syscalls.d" -MT"Src/syscalls.o" --specs=nano.specs -mfloat-abi=soft -mthumb -o "Src/syscalls.o"
arm-none-eabi-gcc "../Src/sysmem.c" -mcpu=cortex-m4 -std=gnu11 -g3 -DDEBUG -DSTM32 -DSTM32F4 -DSTM32F446RETx -DNUCLEO_F446RE -c -I../Inc -I"C:/EmbeddedSystemsProjectsEntri/STM32/driverDev/Drivers/Inc" -O0 -ffunction-sections -fdata-sections -Wall -fstack-usage -fcyclomatic-complexity -MMD -MP -MF"Src/sysmem.d" -MT"Src/sysmem.o" --specs=nano.specs -mfloat-abi=soft -mthumb -o "Src/sysmem.o"
arm-none-eabi-gcc "../Drivers/Src/stm32f446_gpio_driver.c" -mcpu=cortex-m4 -std=gnu11 -g3 -DDEBUG -DSTM32 -DSTM32F4 -DSTM32F446RETx -DNUCLEO_F446RE -c -I../Inc -I"C:/EmbeddedSystemsProjectsEntri/STM32/driverDev/Drivers/Inc" -O0 -ffunction-sections -fdata-sections -Wall -fstack-usage -fcyclomatic-complexity -MMD -MP -MF"Drivers/Src/stm32f446_gpio_driver.d" -MT"Drivers/Src/stm32f446_gpio_driver.o" --specs=nano.specs -mfloat-abi=soft -mthumb -o "Drivers/Src/stm32f446_gpio_driver.o"
arm-none-eabi-gcc -o "driverDev.elf" @"objects.list"   -mcpu=cortex-m4 -T"C:\EmbeddedSystemsProjectsEntri\STM32\driverDev\STM32F446RETX_FLASH.ld" --specs=nosys.specs -Wl,-Map="driverDev.map" -Wl,--gc-sections -static --specs=nano.specs -mfloat-abi=soft -mthumb -Wl,--start-group -lc -lm -Wl,--end-group
Finished building target: driverDev.elf
 
arm-none-eabi-size  driverDev.elf 
arm-none-eabi-objdump -h -S driverDev.elf  > "driverDev.list"
   text	   data	    bss	    dec	    hex	filename
    712	      0	   1568	   2280	    8e8	driverDev.elf
Finished building: default.size.stdout
 
Finished building: driverDev.list
 

20:22:52 Build Finished. 0 errors, 0 warnings. (took 548ms)

