22:37:38 **** Incremental Build of configuration Debug for project LED_button_activeLow ****
make -j12 all 
arm-none-eabi-size  LED_button_activeLow.elf 
   text	   data	    bss	    dec	    hex	filename
   5124	     92	   1900	   7116	   1bcc	LED_button_activeLow.elf
Finished building: default.size.stdout
 
22:37:44 **** Incremental Build of configuration Debug for project LED_button_activeLow ****
make -j12 all 
arm-none-eabi-size  LED_button_activeLow.elf 
   text	   data	    bss	    dec	    hex	filename
   5124	     92	   1900	   7116	   1bcc	LED_button_activeLow.elf
Finished building: default.size.stdout
 
