21:33:29 **** Incremental Build of configuration Debug for project LED_blink ****
make -j12 all 
arm-none-eabi-size  LED_blink.elf 
   text	   data	    bss	    dec	    hex	filename
    712	      0	   1568	   2280	    8e8	LED_blink.elf
Finished building: default.size.stdout
 
21:33:57 **** Incremental Build of configuration Debug for project LED_blink ****
make -j12 all 
arm-none-eabi-size  LED_blink.elf 
   text	   data	    bss	    dec	    hex	filename
    712	      0	   1568	   2280	    8e8	LED_blink.elf
Finished building: default.size.stdout
 
21:34:42 **** Incremental Build of configuration Debug for project LED_blink ****
make -j12 all 
arm-none-eabi-size  LED_blink.elf 
   text	   data	    bss	    dec	    hex	filename
    712	      0	   1568	   2280	    8e8	LED_blink.elf
Finished building: default.size.stdout
 
21:35:32 **** Incremental Build of configuration Debug for project LED_blink ****
make -j12 all 
arm-none-eabi-size  LED_blink.elf 
   text	   data	    bss	    dec	    hex	filename
    712	      0	   1568	   2280	    8e8	LED_blink.elf
Finished building: default.size.stdout
 
21:35:54 **** Incremental Build of configuration Debug for project LED_blink ****
make -j12 all 
arm-none-eabi-size  LED_blink.elf 
   text	   data	    bss	    dec	    hex	filename
    712	      0	   1568	   2280	    8e8	LED_blink.elf
Finished building: default.size.stdout
 
