23:34:00 **** Build of configuration Debug for project buttonAL_nv ****
make -j12 all 
arm-none-eabi-gcc "../Src/main.c" -mcpu=cortex-m4 -std=gnu11 -g3 -DDEBUG -DSTM32 -DB_G473E_ZEST1S -DSTM32G473QETx -DSTM32G4 -c -I../Inc -O0 -ffunction-sections -fdata-sections -Wall -fstack-usage -fcyclomatic-complexity -MMD -MP -MF"Src/main.d" -MT"Src/main.o" --specs=nano.specs -mfpu=fpv4-sp-d16 -mfloat-abi=hard -mthumb -o "Src/main.o"
arm-none-eabi-gcc -o "buttonAL_nv.elf" @"objects.list"   -mcpu=cortex-m4 -T"C:\EmbeddedSystemsProjectsEntri\STM32\buttonAL_nv\STM32G473QETX_FLASH.ld" --specs=nosys.specs -Wl,-Map="buttonAL_nv.map" -Wl,--gc-sections -static --specs=nano.specs -mfpu=fpv4-sp-d16 -mfloat-abi=hard -mthumb -Wl,--start-group -lc -lm -Wl,--end-group
Finished building target: buttonAL_nv.elf
 
arm-none-eabi-size  buttonAL_nv.elf 
arm-none-eabi-objdump -h -S buttonAL_nv.elf  > "buttonAL_nv.list"
   text	   data	    bss	    dec	    hex	filename
   3712	     92	   1900	   5704	   1648	buttonAL_nv.elf
Finished building: default.size.stdout
 
Finished building: buttonAL_nv.list
 
23:34:19 **** Incremental Build of configuration Debug for project buttonAL_nv ****
make -j12 all 
arm-none-eabi-size  buttonAL_nv.elf 
   text	   data	    bss	    dec	    hex	filename
   3712	     92	   1900	   5704	   1648	buttonAL_nv.elf
Finished building: default.size.stdout
 
