07:55:16 **** Incremental Build of configuration Debug for project Assignment_GPIO_driver ****
make -j12 all 
arm-none-eabi-gcc "../Src/main.c" -mcpu=cortex-m4 -std=gnu11 -g3 -DDEBUG -DSTM32 -DSTM32F4 -DSTM32F446RETx -DNUCLEO_F446RE -c -I../Inc -I"C:/EmbeddedSystemsProjectsEntri/STM32/Assignment_GPIO_driver/Drivers/Inc" -I"C:/EmbeddedSystemsProjectsEntri/STM32/Assignment_GPIO_driver/Drivers/Inc" -O0 -ffunction-sections -fdata-sections -Wall -fstack-usage -fcyclomatic-complexity -MMD -MP -MF"Src/main.d" -MT"Src/main.o" --specs=nano.specs -mfpu=fpv4-sp-d16 -mfloat-abi=hard -mthumb -o "Src/main.o"
../Src/main.c: In function 'main':
../Src/main.c:88:25: warning: implicit declaration of function 'printf' [-Wimplicit-function-declaration]
   88 |                         printf("\nButton pressed");
      |                         ^~~~~~
../Src/main.c:22:1: note: include '<stdio.h>' or provide a declaration of 'printf'
   21 | #include "stm32f446xx_gpio_driver.h"
  +++ |+#include <stdio.h>
   22 | 
../Src/main.c:88:25: warning: incompatible implicit declaration of built-in function 'printf' [-Wbuiltin-declaration-mismatch]
   88 |                         printf("\nButton pressed");
      |                         ^~~~~~
../Src/main.c:88:25: note: include '<stdio.h>' or provide a declaration of 'printf'
arm-none-eabi-gcc -o "Assignment_GPIO_driver.elf" @"objects.list"   -mcpu=cortex-m4 -T"C:\EmbeddedSystemsProjectsEntri\STM32\Assignment_GPIO_driver\STM32F446RETX_FLASH.ld" --specs=nosys.specs -Wl,-Map="Assignment_GPIO_driver.map" -Wl,--gc-sections -static --specs=nano.specs -mfpu=fpv4-sp-d16 -mfloat-abi=hard -mthumb -Wl,--start-group -lc -lm -Wl,--end-group
Finished building target: Assignment_GPIO_driver.elf
 
arm-none-eabi-size  Assignment_GPIO_driver.elf 
arm-none-eabi-objdump -h -S Assignment_GPIO_driver.elf  > "Assignment_GPIO_driver.list"
   text	   data	    bss	    dec	    hex	filename
   6624	     92	   1900	   8616	   21a8	Assignment_GPIO_driver.elf
Finished building: default.size.stdout
 
Finished building: Assignment_GPIO_driver.list
 
07:55:22 **** Incremental Build of configuration Debug for project Assignment_GPIO_driver ****
make -j12 all 
arm-none-eabi-size  Assignment_GPIO_driver.elf 
   text	   data	    bss	    dec	    hex	filename
   6624	     92	   1900	   8616	   21a8	Assignment_GPIO_driver.elf
Finished building: default.size.stdout
 
