07:09:35 **** Incremental Build of configuration Debug for project interrupt_btn ****
make -j12 all 
arm-none-eabi-gcc "../Src/main.c" -mcpu=cortex-m4 -std=gnu11 -g3 -DDEBUG -DSTM32 -DSTM32F4 -DSTM32F446RETx -DNUCLEO_F446RE -c -I../Inc -I"C:/EmbeddedSystemsProjectsEntri/STM32/interrupt_btn/Drivers/Inc" -O0 -ffunction-sections -fdata-sections -Wall -fstack-usage -fcyclomatic-complexity -MMD -MP -MF"Src/main.d" -MT"Src/main.o" --specs=nano.specs -mfpu=fpv4-sp-d16 -mfloat-abi=hard -mthumb -o "Src/main.o"
arm-none-eabi-gcc -o "interrupt_btn.elf" @"objects.list"   -mcpu=cortex-m4 -T"C:\EmbeddedSystemsProjectsEntri\STM32\interrupt_btn\STM32F446RETX_FLASH.ld" --specs=nosys.specs -Wl,-Map="interrupt_btn.map" -Wl,--gc-sections -static --specs=nano.specs -mfpu=fpv4-sp-d16 -mfloat-abi=hard -mthumb -Wl,--start-group -lc -lm -Wl,--end-group
Finished building target: interrupt_btn.elf
 
arm-none-eabi-size  interrupt_btn.elf 
arm-none-eabi-objdump -h -S interrupt_btn.elf  > "interrupt_btn.list"
   text	   data	    bss	    dec	    hex	filename
   2768	      0	   1568	   4336	   10f0	interrupt_btn.elf
Finished building: default.size.stdout
 
Finished building: interrupt_btn.list
 
07:09:44 **** Incremental Build of configuration Debug for project interrupt_btn ****
make -j12 all 
arm-none-eabi-size  interrupt_btn.elf 
   text	   data	    bss	    dec	    hex	filename
   2768	      0	   1568	   4336	   10f0	interrupt_btn.elf
Finished building: default.size.stdout
 
