17:04:13 **** Incremental Build of configuration Debug for project pa5_toggle_practice ****
make -j12 all 
arm-none-eabi-gcc "../Src/main.c" -mcpu=cortex-m4 -std=gnu11 -g3 -DDEBUG -DSTM32 -DSTM32F4 -DSTM32F446RETx -DNUCLEO_F446RE -c -I../Inc -I"C:/EmbeddedSystemsProjectsEntri/STM32/pa5_toggle_practice/Drivers/Inc" -O0 -ffunction-sections -fdata-sections -Wall -fstack-usage -fcyclomatic-complexity -MMD -MP -MF"Src/main.d" -MT"Src/main.o" --specs=nano.specs -mfpu=fpv4-sp-d16 -mfloat-abi=hard -mthumb -o "Src/main.o"
arm-none-eabi-gcc -o "pa5_toggle_practice.elf" @"objects.list"   -mcpu=cortex-m4 -T"C:\EmbeddedSystemsProjectsEntri\STM32\pa5_toggle_practice\STM32F446RETX_FLASH.ld" --specs=nosys.specs -Wl,-Map="pa5_toggle_practice.map" -Wl,--gc-sections -static --specs=nano.specs -mfpu=fpv4-sp-d16 -mfloat-abi=hard -mthumb -Wl,--start-group -lc -lm -Wl,--end-group
Finished building target: pa5_toggle_practice.elf
 
arm-none-eabi-size  pa5_toggle_practice.elf 
arm-none-eabi-objdump -h -S pa5_toggle_practice.elf  > "pa5_toggle_practice.list"
   text	   data	    bss	    dec	    hex	filename
   2112	      0	   1568	   3680	    e60	pa5_toggle_practice.elf
Finished building: default.size.stdout
 
Finished building: pa5_toggle_practice.list
 

17:04:13 Build Finished. 0 errors, 0 warnings. (took 802ms)

