07:46:55 **** Incremental Build of configuration Debug for project OLED_test ****
make -j12 all 
arm-none-eabi-gcc "../Src/main.c" -mcpu=cortex-m4 -std=gnu11 -g3 -DDEBUG -DSTM32 -DSTM32F4 -DSTM32F446RETx -DNUCLEO_F446RE -c -I../Inc -I"C:/EmbeddedSystemsProjectsEntri/STM32/STM32 PROJECT/Applications/I2C/OLED_test/drivers/inc" -O0 -ffunction-sections -fdata-sections -Wall -fstack-usage -fcyclomatic-complexity -MMD -MP -MF"Src/main.d" -MT"Src/main.o" --specs=nano.specs -mfpu=fpv4-sp-d16 -mfloat-abi=hard -mthumb -o "Src/main.o"
arm-none-eabi-gcc -o "OLED_test.elf" @"objects.list"   -mcpu=cortex-m4 -T"C:\EmbeddedSystemsProjectsEntri\STM32\STM32 PROJECT\Applications\I2C\OLED_test\STM32F446RETX_FLASH.ld" --specs=nosys.specs -Wl,-Map="OLED_test.map" -Wl,--gc-sections -static --specs=nano.specs -mfpu=fpv4-sp-d16 -mfloat-abi=hard -mthumb -Wl,--start-group -lc -lm -Wl,--end-group
Finished building target: OLED_test.elf
 
arm-none-eabi-size  OLED_test.elf 
arm-none-eabi-objdump -h -S OLED_test.elf  > "OLED_test.list"
   text	   data	    bss	    dec	    hex	filename
   3512	     20	   1604	   5136	   1410	OLED_test.elf
Finished building: default.size.stdout
 
Finished building: OLED_test.list
 
07:47:05 **** Incremental Build of configuration Debug for project OLED_test ****
make -j12 all 
arm-none-eabi-size  OLED_test.elf 
   text	   data	    bss	    dec	    hex	filename
   3512	     20	   1604	   5136	   1410	OLED_test.elf
Finished building: default.size.stdout
 
