07:00:46 **** Build of configuration Debug for project que ****
make -j12 all 
arm-none-eabi-gcc "../ThirdParty/FreeRTOS/portable/MemMang/heap_4.c" -mcpu=cortex-m4 -std=gnu11 -g3 -DDEBUG -DUSE_NUCLEO_64 -DUSE_HAL_DRIVER -DSTM32F446xx -c -I../Core/Inc -I"/home/anees/EmbeededSystemProjects/Embedded_Systems/RTOS_Linux/que/ThirdParty/FreeRTOS/include" -I"/home/anees/EmbeededSystemProjects/Embedded_Systems/RTOS_Linux/que/ThirdParty/FreeRTOS/portable/GCC/ARM_CM4F" -I../Drivers/STM32F4xx_HAL_Driver/Inc -I../Drivers/STM32F4xx_HAL_Driver/Inc/Legacy -I../Drivers/BSP/STM32F4xx-Nucleo -I../Drivers/CMSIS/Device/ST/STM32F4xx/Include -I../Drivers/CMSIS/Include -I"/home/anees/EmbeededSystemProjects/Embedded_Systems/RTOS_Linux/que/ThirdParty" -I"/home/anees/EmbeededSystemProjects/Embedded_Systems/RTOS_Linux/que/ThirdParty/FreeRTOS/portable" -O0 -ffunction-sections -fdata-sections -Wall -fstack-usage -fcyclomatic-complexity -MMD -MP -MF"ThirdParty/FreeRTOS/portable/MemMang/heap_4.d" -MT"ThirdParty/FreeRTOS/portable/MemMang/heap_4.o" --specs=nano.specs -mfpu=fpv4-sp-d16 -mfloat-abi=hard -mthumb -o "ThirdParty/FreeRTOS/portable/MemMang/heap_4.o"
arm-none-eabi-gcc "../ThirdParty/FreeRTOS/portable/GCC/ARM_CM4F/port.c" -mcpu=cortex-m4 -std=gnu11 -g3 -DDEBUG -DUSE_NUCLEO_64 -DUSE_HAL_DRIVER -DSTM32F446xx -c -I../Core/Inc -I"/home/anees/EmbeededSystemProjects/Embedded_Systems/RTOS_Linux/que/ThirdParty/FreeRTOS/include" -I"/home/anees/EmbeededSystemProjects/Embedded_Systems/RTOS_Linux/que/ThirdParty/FreeRTOS/portable/GCC/ARM_CM4F" -I../Drivers/STM32F4xx_HAL_Driver/Inc -I../Drivers/STM32F4xx_HAL_Driver/Inc/Legacy -I../Drivers/BSP/STM32F4xx-Nucleo -I../Drivers/CMSIS/Device/ST/STM32F4xx/Include -I../Drivers/CMSIS/Include -I"/home/anees/EmbeededSystemProjects/Embedded_Systems/RTOS_Linux/que/ThirdParty" -I"/home/anees/EmbeededSystemProjects/Embedded_Systems/RTOS_Linux/que/ThirdParty/FreeRTOS/portable" -O0 -ffunction-sections -fdata-sections -Wall -fstack-usage -fcyclomatic-complexity -MMD -MP -MF"ThirdParty/FreeRTOS/portable/GCC/ARM_CM4F/port.d" -MT"ThirdParty/FreeRTOS/portable/GCC/ARM_CM4F/port.o" --specs=nano.specs -mfpu=fpv4-sp-d16 -mfloat-abi=hard -mthumb -o "ThirdParty/FreeRTOS/portable/GCC/ARM_CM4F/port.o"
arm-none-eabi-gcc "../ThirdParty/FreeRTOS/croutine.c" -mcpu=cortex-m4 -std=gnu11 -g3 -DDEBUG -DUSE_NUCLEO_64 -DUSE_HAL_DRIVER -DSTM32F446xx -c -I../Core/Inc -I"/home/anees/EmbeededSystemProjects/Embedded_Systems/RTOS_Linux/que/ThirdParty/FreeRTOS/include" -I"/home/anees/EmbeededSystemProjects/Embedded_Systems/RTOS_Linux/que/ThirdParty/FreeRTOS/portable/GCC/ARM_CM4F" -I../Drivers/STM32F4xx_HAL_Driver/Inc -I../Drivers/STM32F4xx_HAL_Driver/Inc/Legacy -I../Drivers/BSP/STM32F4xx-Nucleo -I../Drivers/CMSIS/Device/ST/STM32F4xx/Include -I../Drivers/CMSIS/Include -I"/home/anees/EmbeededSystemProjects/Embedded_Systems/RTOS_Linux/que/ThirdParty" -I"/home/anees/EmbeededSystemProjects/Embedded_Systems/RTOS_Linux/que/ThirdParty/FreeRTOS/portable" -O0 -ffunction-sections -fdata-sections -Wall -fstack-usage -fcyclomatic-complexity -MMD -MP -MF"ThirdParty/FreeRTOS/croutine.d" -MT"ThirdParty/FreeRTOS/croutine.o" --specs=nano.specs -mfpu=fpv4-sp-d16 -mfloat-abi=hard -mthumb -o "ThirdParty/FreeRTOS/croutine.o"
arm-none-eabi-gcc "../ThirdParty/FreeRTOS/event_groups.c" -mcpu=cortex-m4 -std=gnu11 -g3 -DDEBUG -DUSE_NUCLEO_64 -DUSE_HAL_DRIVER -DSTM32F446xx -c -I../Core/Inc -I"/home/anees/EmbeededSystemProjects/Embedded_Systems/RTOS_Linux/que/ThirdParty/FreeRTOS/include" -I"/home/anees/EmbeededSystemProjects/Embedded_Systems/RTOS_Linux/que/ThirdParty/FreeRTOS/portable/GCC/ARM_CM4F" -I../Drivers/STM32F4xx_HAL_Driver/Inc -I../Drivers/STM32F4xx_HAL_Driver/Inc/Legacy -I../Drivers/BSP/STM32F4xx-Nucleo -I../Drivers/CMSIS/Device/ST/STM32F4xx/Include -I../Drivers/CMSIS/Include -I"/home/anees/EmbeededSystemProjects/Embedded_Systems/RTOS_Linux/que/ThirdParty" -I"/home/anees/EmbeededSystemProjects/Embedded_Systems/RTOS_Linux/que/ThirdParty/FreeRTOS/portable" -O0 -ffunction-sections -fdata-sections -Wall -fstack-usage -fcyclomatic-complexity -MMD -MP -MF"ThirdParty/FreeRTOS/event_groups.d" -MT"ThirdParty/FreeRTOS/event_groups.o" --specs=nano.specs -mfpu=fpv4-sp-d16 -mfloat-abi=hard -mthumb -o "ThirdParty/FreeRTOS/event_groups.o"
arm-none-eabi-gcc "../ThirdParty/FreeRTOS/list.c" -mcpu=cortex-m4 -std=gnu11 -g3 -DDEBUG -DUSE_NUCLEO_64 -DUSE_HAL_DRIVER -DSTM32F446xx -c -I../Core/Inc -I"/home/anees/EmbeededSystemProjects/Embedded_Systems/RTOS_Linux/que/ThirdParty/FreeRTOS/include" -I"/home/anees/EmbeededSystemProjects/Embedded_Systems/RTOS_Linux/que/ThirdParty/FreeRTOS/portable/GCC/ARM_CM4F" -I../Drivers/STM32F4xx_HAL_Driver/Inc -I../Drivers/STM32F4xx_HAL_Driver/Inc/Legacy -I../Drivers/BSP/STM32F4xx-Nucleo -I../Drivers/CMSIS/Device/ST/STM32F4xx/Include -I../Drivers/CMSIS/Include -I"/home/anees/EmbeededSystemProjects/Embedded_Systems/RTOS_Linux/que/ThirdParty" -I"/home/anees/EmbeededSystemProjects/Embedded_Systems/RTOS_Linux/que/ThirdParty/FreeRTOS/portable" -O0 -ffunction-sections -fdata-sections -Wall -fstack-usage -fcyclomatic-complexity -MMD -MP -MF"ThirdParty/FreeRTOS/list.d" -MT"ThirdParty/FreeRTOS/list.o" --specs=nano.specs -mfpu=fpv4-sp-d16 -mfloat-abi=hard -mthumb -o "ThirdParty/FreeRTOS/list.o"
arm-none-eabi-gcc "../ThirdParty/FreeRTOS/queue.c" -mcpu=cortex-m4 -std=gnu11 -g3 -DDEBUG -DUSE_NUCLEO_64 -DUSE_HAL_DRIVER -DSTM32F446xx -c -I../Core/Inc -I"/home/anees/EmbeededSystemProjects/Embedded_Systems/RTOS_Linux/que/ThirdParty/FreeRTOS/include" -I"/home/anees/EmbeededSystemProjects/Embedded_Systems/RTOS_Linux/que/ThirdParty/FreeRTOS/portable/GCC/ARM_CM4F" -I../Drivers/STM32F4xx_HAL_Driver/Inc -I../Drivers/STM32F4xx_HAL_Driver/Inc/Legacy -I../Drivers/BSP/STM32F4xx-Nucleo -I../Drivers/CMSIS/Device/ST/STM32F4xx/Include -I../Drivers/CMSIS/Include -I"/home/anees/EmbeededSystemProjects/Embedded_Systems/RTOS_Linux/que/ThirdParty" -I"/home/anees/EmbeededSystemProjects/Embedded_Systems/RTOS_Linux/que/ThirdParty/FreeRTOS/portable" -O0 -ffunction-sections -fdata-sections -Wall -fstack-usage -fcyclomatic-complexity -MMD -MP -MF"ThirdParty/FreeRTOS/queue.d" -MT"ThirdParty/FreeRTOS/queue.o" --specs=nano.specs -mfpu=fpv4-sp-d16 -mfloat-abi=hard -mthumb -o "ThirdParty/FreeRTOS/queue.o"
arm-none-eabi-gcc "../ThirdParty/FreeRTOS/stream_buffer.c" -mcpu=cortex-m4 -std=gnu11 -g3 -DDEBUG -DUSE_NUCLEO_64 -DUSE_HAL_DRIVER -DSTM32F446xx -c -I../Core/Inc -I"/home/anees/EmbeededSystemProjects/Embedded_Systems/RTOS_Linux/que/ThirdParty/FreeRTOS/include" -I"/home/anees/EmbeededSystemProjects/Embedded_Systems/RTOS_Linux/que/ThirdParty/FreeRTOS/portable/GCC/ARM_CM4F" -I../Drivers/STM32F4xx_HAL_Driver/Inc -I../Drivers/STM32F4xx_HAL_Driver/Inc/Legacy -I../Drivers/BSP/STM32F4xx-Nucleo -I../Drivers/CMSIS/Device/ST/STM32F4xx/Include -I../Drivers/CMSIS/Include -I"/home/anees/EmbeededSystemProjects/Embedded_Systems/RTOS_Linux/que/ThirdParty" -I"/home/anees/EmbeededSystemProjects/Embedded_Systems/RTOS_Linux/que/ThirdParty/FreeRTOS/portable" -O0 -ffunction-sections -fdata-sections -Wall -fstack-usage -fcyclomatic-complexity -MMD -MP -MF"ThirdParty/FreeRTOS/stream_buffer.d" -MT"ThirdParty/FreeRTOS/stream_buffer.o" --specs=nano.specs -mfpu=fpv4-sp-d16 -mfloat-abi=hard -mthumb -o "ThirdParty/FreeRTOS/stream_buffer.o"
arm-none-eabi-gcc "../ThirdParty/FreeRTOS/tasks.c" -mcpu=cortex-m4 -std=gnu11 -g3 -DDEBUG -DUSE_NUCLEO_64 -DUSE_HAL_DRIVER -DSTM32F446xx -c -I../Core/Inc -I"/home/anees/EmbeededSystemProjects/Embedded_Systems/RTOS_Linux/que/ThirdParty/FreeRTOS/include" -I"/home/anees/EmbeededSystemProjects/Embedded_Systems/RTOS_Linux/que/ThirdParty/FreeRTOS/portable/GCC/ARM_CM4F" -I../Drivers/STM32F4xx_HAL_Driver/Inc -I../Drivers/STM32F4xx_HAL_Driver/Inc/Legacy -I../Drivers/BSP/STM32F4xx-Nucleo -I../Drivers/CMSIS/Device/ST/STM32F4xx/Include -I../Drivers/CMSIS/Include -I"/home/anees/EmbeededSystemProjects/Embedded_Systems/RTOS_Linux/que/ThirdParty" -I"/home/anees/EmbeededSystemProjects/Embedded_Systems/RTOS_Linux/que/ThirdParty/FreeRTOS/portable" -O0 -ffunction-sections -fdata-sections -Wall -fstack-usage -fcyclomatic-complexity -MMD -MP -MF"ThirdParty/FreeRTOS/tasks.d" -MT"ThirdParty/FreeRTOS/tasks.o" --specs=nano.specs -mfpu=fpv4-sp-d16 -mfloat-abi=hard -mthumb -o "ThirdParty/FreeRTOS/tasks.o"
arm-none-eabi-gcc "../ThirdParty/FreeRTOS/timers.c" -mcpu=cortex-m4 -std=gnu11 -g3 -DDEBUG -DUSE_NUCLEO_64 -DUSE_HAL_DRIVER -DSTM32F446xx -c -I../Core/Inc -I"/home/anees/EmbeededSystemProjects/Embedded_Systems/RTOS_Linux/que/ThirdParty/FreeRTOS/include" -I"/home/anees/EmbeededSystemProjects/Embedded_Systems/RTOS_Linux/que/ThirdParty/FreeRTOS/portable/GCC/ARM_CM4F" -I../Drivers/STM32F4xx_HAL_Driver/Inc -I../Drivers/STM32F4xx_HAL_Driver/Inc/Legacy -I../Drivers/BSP/STM32F4xx-Nucleo -I../Drivers/CMSIS/Device/ST/STM32F4xx/Include -I../Drivers/CMSIS/Include -I"/home/anees/EmbeededSystemProjects/Embedded_Systems/RTOS_Linux/que/ThirdParty" -I"/home/anees/EmbeededSystemProjects/Embedded_Systems/RTOS_Linux/que/ThirdParty/FreeRTOS/portable" -O0 -ffunction-sections -fdata-sections -Wall -fstack-usage -fcyclomatic-complexity -MMD -MP -MF"ThirdParty/FreeRTOS/timers.d" -MT"ThirdParty/FreeRTOS/timers.o" --specs=nano.specs -mfpu=fpv4-sp-d16 -mfloat-abi=hard -mthumb -o "ThirdParty/FreeRTOS/timers.o"
arm-none-eabi-gcc "../Drivers/STM32F4xx_HAL_Driver/Src/stm32f4xx_hal.c" -mcpu=cortex-m4 -std=gnu11 -g3 -DDEBUG -DUSE_NUCLEO_64 -DUSE_HAL_DRIVER -DSTM32F446xx -c -I../Core/Inc -I"/home/anees/EmbeededSystemProjects/Embedded_Systems/RTOS_Linux/que/ThirdParty/FreeRTOS/include" -I"/home/anees/EmbeededSystemProjects/Embedded_Systems/RTOS_Linux/que/ThirdParty/FreeRTOS/portable/GCC/ARM_CM4F" -I../Drivers/STM32F4xx_HAL_Driver/Inc -I../Drivers/STM32F4xx_HAL_Driver/Inc/Legacy -I../Drivers/BSP/STM32F4xx-Nucleo -I../Drivers/CMSIS/Device/ST/STM32F4xx/Include -I../Drivers/CMSIS/Include -I"/home/anees/EmbeededSystemProjects/Embedded_Systems/RTOS_Linux/que/ThirdParty" -I"/home/anees/EmbeededSystemProjects/Embedded_Systems/RTOS_Linux/que/ThirdParty/FreeRTOS/portable" -O0 -ffunction-sections -fdata-sections -Wall -fstack-usage -fcyclomatic-complexity -MMD -MP -MF"Drivers/STM32F4xx_HAL_Driver/Src/stm32f4xx_hal.d" -MT"Drivers/STM32F4xx_HAL_Driver/Src/stm32f4xx_hal.o" --specs=nano.specs -mfpu=fpv4-sp-d16 -mfloat-abi=hard -mthumb -o "Drivers/STM32F4xx_HAL_Driver/Src/stm32f4xx_hal.o"
arm-none-eabi-gcc "../Drivers/STM32F4xx_HAL_Driver/Src/stm32f4xx_hal_cortex.c" -mcpu=cortex-m4 -std=gnu11 -g3 -DDEBUG -DUSE_NUCLEO_64 -DUSE_HAL_DRIVER -DSTM32F446xx -c -I../Core/Inc -I"/home/anees/EmbeededSystemProjects/Embedded_Systems/RTOS_Linux/que/ThirdParty/FreeRTOS/include" -I"/home/anees/EmbeededSystemProjects/Embedded_Systems/RTOS_Linux/que/ThirdParty/FreeRTOS/portable/GCC/ARM_CM4F" -I../Drivers/STM32F4xx_HAL_Driver/Inc -I../Drivers/STM32F4xx_HAL_Driver/Inc/Legacy -I../Drivers/BSP/STM32F4xx-Nucleo -I../Drivers/CMSIS/Device/ST/STM32F4xx/Include -I../Drivers/CMSIS/Include -I"/home/anees/EmbeededSystemProjects/Embedded_Systems/RTOS_Linux/que/ThirdParty" -I"/home/anees/EmbeededSystemProjects/Embedded_Systems/RTOS_Linux/que/ThirdParty/FreeRTOS/portable" -O0 -ffunction-sections -fdata-sections -Wall -fstack-usage -fcyclomatic-complexity -MMD -MP -MF"Drivers/STM32F4xx_HAL_Driver/Src/stm32f4xx_hal_cortex.d" -MT"Drivers/STM32F4xx_HAL_Driver/Src/stm32f4xx_hal_cortex.o" --specs=nano.specs -mfpu=fpv4-sp-d16 -mfloat-abi=hard -mthumb -o "Drivers/STM32F4xx_HAL_Driver/Src/stm32f4xx_hal_cortex.o"
arm-none-eabi-gcc "../Drivers/STM32F4xx_HAL_Driver/Src/stm32f4xx_hal_dma.c" -mcpu=cortex-m4 -std=gnu11 -g3 -DDEBUG -DUSE_NUCLEO_64 -DUSE_HAL_DRIVER -DSTM32F446xx -c -I../Core/Inc -I"/home/anees/EmbeededSystemProjects/Embedded_Systems/RTOS_Linux/que/ThirdParty/FreeRTOS/include" -I"/home/anees/EmbeededSystemProjects/Embedded_Systems/RTOS_Linux/que/ThirdParty/FreeRTOS/portable/GCC/ARM_CM4F" -I../Drivers/STM32F4xx_HAL_Driver/Inc -I../Drivers/STM32F4xx_HAL_Driver/Inc/Legacy -I../Drivers/BSP/STM32F4xx-Nucleo -I../Drivers/CMSIS/Device/ST/STM32F4xx/Include -I../Drivers/CMSIS/Include -I"/home/anees/EmbeededSystemProjects/Embedded_Systems/RTOS_Linux/que/ThirdParty" -I"/home/anees/EmbeededSystemProjects/Embedded_Systems/RTOS_Linux/que/ThirdParty/FreeRTOS/portable" -O0 -ffunction-sections -fdata-sections -Wall -fstack-usage -fcyclomatic-complexity -MMD -MP -MF"Drivers/STM32F4xx_HAL_Driver/Src/stm32f4xx_hal_dma.d" -MT"Drivers/STM32F4xx_HAL_Driver/Src/stm32f4xx_hal_dma.o" --specs=nano.specs -mfpu=fpv4-sp-d16 -mfloat-abi=hard -mthumb -o "Drivers/STM32F4xx_HAL_Driver/Src/stm32f4xx_hal_dma.o"
arm-none-eabi-gcc "../Drivers/STM32F4xx_HAL_Driver/Src/stm32f4xx_hal_dma_ex.c" -mcpu=cortex-m4 -std=gnu11 -g3 -DDEBUG -DUSE_NUCLEO_64 -DUSE_HAL_DRIVER -DSTM32F446xx -c -I../Core/Inc -I"/home/anees/EmbeededSystemProjects/Embedded_Systems/RTOS_Linux/que/ThirdParty/FreeRTOS/include" -I"/home/anees/EmbeededSystemProjects/Embedded_Systems/RTOS_Linux/que/ThirdParty/FreeRTOS/portable/GCC/ARM_CM4F" -I../Drivers/STM32F4xx_HAL_Driver/Inc -I../Drivers/STM32F4xx_HAL_Driver/Inc/Legacy -I../Drivers/BSP/STM32F4xx-Nucleo -I../Drivers/CMSIS/Device/ST/STM32F4xx/Include -I../Drivers/CMSIS/Include -I"/home/anees/EmbeededSystemProjects/Embedded_Systems/RTOS_Linux/que/ThirdParty" -I"/home/anees/EmbeededSystemProjects/Embedded_Systems/RTOS_Linux/que/ThirdParty/FreeRTOS/portable" -O0 -ffunction-sections -fdata-sections -Wall -fstack-usage -fcyclomatic-complexity -MMD -MP -MF"Drivers/STM32F4xx_HAL_Driver/Src/stm32f4xx_hal_dma_ex.d" -MT"Drivers/STM32F4xx_HAL_Driver/Src/stm32f4xx_hal_dma_ex.o" --specs=nano.specs -mfpu=fpv4-sp-d16 -mfloat-abi=hard -mthumb -o "Drivers/STM32F4xx_HAL_Driver/Src/stm32f4xx_hal_dma_ex.o"
arm-none-eabi-gcc "../Drivers/STM32F4xx_HAL_Driver/Src/stm32f4xx_hal_exti.c" -mcpu=cortex-m4 -std=gnu11 -g3 -DDEBUG -DUSE_NUCLEO_64 -DUSE_HAL_DRIVER -DSTM32F446xx -c -I../Core/Inc -I"/home/anees/EmbeededSystemProjects/Embedded_Systems/RTOS_Linux/que/ThirdParty/FreeRTOS/include" -I"/home/anees/EmbeededSystemProjects/Embedded_Systems/RTOS_Linux/que/ThirdParty/FreeRTOS/portable/GCC/ARM_CM4F" -I../Drivers/STM32F4xx_HAL_Driver/Inc -I../Drivers/STM32F4xx_HAL_Driver/Inc/Legacy -I../Drivers/BSP/STM32F4xx-Nucleo -I../Drivers/CMSIS/Device/ST/STM32F4xx/Include -I../Drivers/CMSIS/Include -I"/home/anees/EmbeededSystemProjects/Embedded_Systems/RTOS_Linux/que/ThirdParty" -I"/home/anees/EmbeededSystemProjects/Embedded_Systems/RTOS_Linux/que/ThirdParty/FreeRTOS/portable" -O0 -ffunction-sections -fdata-sections -Wall -fstack-usage -fcyclomatic-complexity -MMD -MP -MF"Drivers/STM32F4xx_HAL_Driver/Src/stm32f4xx_hal_exti.d" -MT"Drivers/STM32F4xx_HAL_Driver/Src/stm32f4xx_hal_exti.o" --specs=nano.specs -mfpu=fpv4-sp-d16 -mfloat-abi=hard -mthumb -o "Drivers/STM32F4xx_HAL_Driver/Src/stm32f4xx_hal_exti.o"
arm-none-eabi-gcc "../Drivers/STM32F4xx_HAL_Driver/Src/stm32f4xx_hal_flash.c" -mcpu=cortex-m4 -std=gnu11 -g3 -DDEBUG -DUSE_NUCLEO_64 -DUSE_HAL_DRIVER -DSTM32F446xx -c -I../Core/Inc -I"/home/anees/EmbeededSystemProjects/Embedded_Systems/RTOS_Linux/que/ThirdParty/FreeRTOS/include" -I"/home/anees/EmbeededSystemProjects/Embedded_Systems/RTOS_Linux/que/ThirdParty/FreeRTOS/portable/GCC/ARM_CM4F" -I../Drivers/STM32F4xx_HAL_Driver/Inc -I../Drivers/STM32F4xx_HAL_Driver/Inc/Legacy -I../Drivers/BSP/STM32F4xx-Nucleo -I../Drivers/CMSIS/Device/ST/STM32F4xx/Include -I../Drivers/CMSIS/Include -I"/home/anees/EmbeededSystemProjects/Embedded_Systems/RTOS_Linux/que/ThirdParty" -I"/home/anees/EmbeededSystemProjects/Embedded_Systems/RTOS_Linux/que/ThirdParty/FreeRTOS/portable" -O0 -ffunction-sections -fdata-sections -Wall -fstack-usage -fcyclomatic-complexity -MMD -MP -MF"Drivers/STM32F4xx_HAL_Driver/Src/stm32f4xx_hal_flash.d" -MT"Drivers/STM32F4xx_HAL_Driver/Src/stm32f4xx_hal_flash.o" --specs=nano.specs -mfpu=fpv4-sp-d16 -mfloat-abi=hard -mthumb -o "Drivers/STM32F4xx_HAL_Driver/Src/stm32f4xx_hal_flash.o"
arm-none-eabi-gcc "../Drivers/STM32F4xx_HAL_Driver/Src/stm32f4xx_hal_flash_ex.c" -mcpu=cortex-m4 -std=gnu11 -g3 -DDEBUG -DUSE_NUCLEO_64 -DUSE_HAL_DRIVER -DSTM32F446xx -c -I../Core/Inc -I"/home/anees/EmbeededSystemProjects/Embedded_Systems/RTOS_Linux/que/ThirdParty/FreeRTOS/include" -I"/home/anees/EmbeededSystemProjects/Embedded_Systems/RTOS_Linux/que/ThirdParty/FreeRTOS/portable/GCC/ARM_CM4F" -I../Drivers/STM32F4xx_HAL_Driver/Inc -I../Drivers/STM32F4xx_HAL_Driver/Inc/Legacy -I../Drivers/BSP/STM32F4xx-Nucleo -I../Drivers/CMSIS/Device/ST/STM32F4xx/Include -I../Drivers/CMSIS/Include -I"/home/anees/EmbeededSystemProjects/Embedded_Systems/RTOS_Linux/que/ThirdParty" -I"/home/anees/EmbeededSystemProjects/Embedded_Systems/RTOS_Linux/que/ThirdParty/FreeRTOS/portable" -O0 -ffunction-sections -fdata-sections -Wall -fstack-usage -fcyclomatic-complexity -MMD -MP -MF"Drivers/STM32F4xx_HAL_Driver/Src/stm32f4xx_hal_flash_ex.d" -MT"Drivers/STM32F4xx_HAL_Driver/Src/stm32f4xx_hal_flash_ex.o" --specs=nano.specs -mfpu=fpv4-sp-d16 -mfloat-abi=hard -mthumb -o "Drivers/STM32F4xx_HAL_Driver/Src/stm32f4xx_hal_flash_ex.o"
arm-none-eabi-gcc "../Drivers/STM32F4xx_HAL_Driver/Src/stm32f4xx_hal_flash_ramfunc.c" -mcpu=cortex-m4 -std=gnu11 -g3 -DDEBUG -DUSE_NUCLEO_64 -DUSE_HAL_DRIVER -DSTM32F446xx -c -I../Core/Inc -I"/home/anees/EmbeededSystemProjects/Embedded_Systems/RTOS_Linux/que/ThirdParty/FreeRTOS/include" -I"/home/anees/EmbeededSystemProjects/Embedded_Systems/RTOS_Linux/que/ThirdParty/FreeRTOS/portable/GCC/ARM_CM4F" -I../Drivers/STM32F4xx_HAL_Driver/Inc -I../Drivers/STM32F4xx_HAL_Driver/Inc/Legacy -I../Drivers/BSP/STM32F4xx-Nucleo -I../Drivers/CMSIS/Device/ST/STM32F4xx/Include -I../Drivers/CMSIS/Include -I"/home/anees/EmbeededSystemProjects/Embedded_Systems/RTOS_Linux/que/ThirdParty" -I"/home/anees/EmbeededSystemProjects/Embedded_Systems/RTOS_Linux/que/ThirdParty/FreeRTOS/portable" -O0 -ffunction-sections -fdata-sections -Wall -fstack-usage -fcyclomatic-complexity -MMD -MP -MF"Drivers/STM32F4xx_HAL_Driver/Src/stm32f4xx_hal_flash_ramfunc.d" -MT"Drivers/STM32F4xx_HAL_Driver/Src/stm32f4xx_hal_flash_ramfunc.o" --specs=nano.specs -mfpu=fpv4-sp-d16 -mfloat-abi=hard -mthumb -o "Drivers/STM32F4xx_HAL_Driver/Src/stm32f4xx_hal_flash_ramfunc.o"
arm-none-eabi-gcc "../Drivers/STM32F4xx_HAL_Driver/Src/stm32f4xx_hal_gpio.c" -mcpu=cortex-m4 -std=gnu11 -g3 -DDEBUG -DUSE_NUCLEO_64 -DUSE_HAL_DRIVER -DSTM32F446xx -c -I../Core/Inc -I"/home/anees/EmbeededSystemProjects/Embedded_Systems/RTOS_Linux/que/ThirdParty/FreeRTOS/include" -I"/home/anees/EmbeededSystemProjects/Embedded_Systems/RTOS_Linux/que/ThirdParty/FreeRTOS/portable/GCC/ARM_CM4F" -I../Drivers/STM32F4xx_HAL_Driver/Inc -I../Drivers/STM32F4xx_HAL_Driver/Inc/Legacy -I../Drivers/BSP/STM32F4xx-Nucleo -I../Drivers/CMSIS/Device/ST/STM32F4xx/Include -I../Drivers/CMSIS/Include -I"/home/anees/EmbeededSystemProjects/Embedded_Systems/RTOS_Linux/que/ThirdParty" -I"/home/anees/EmbeededSystemProjects/Embedded_Systems/RTOS_Linux/que/ThirdParty/FreeRTOS/portable" -O0 -ffunction-sections -fdata-sections -Wall -fstack-usage -fcyclomatic-complexity -MMD -MP -MF"Drivers/STM32F4xx_HAL_Driver/Src/stm32f4xx_hal_gpio.d" -MT"Drivers/STM32F4xx_HAL_Driver/Src/stm32f4xx_hal_gpio.o" --specs=nano.specs -mfpu=fpv4-sp-d16 -mfloat-abi=hard -mthumb -o "Drivers/STM32F4xx_HAL_Driver/Src/stm32f4xx_hal_gpio.o"
arm-none-eabi-gcc "../Drivers/STM32F4xx_HAL_Driver/Src/stm32f4xx_hal_pwr.c" -mcpu=cortex-m4 -std=gnu11 -g3 -DDEBUG -DUSE_NUCLEO_64 -DUSE_HAL_DRIVER -DSTM32F446xx -c -I../Core/Inc -I"/home/anees/EmbeededSystemProjects/Embedded_Systems/RTOS_Linux/que/ThirdParty/FreeRTOS/include" -I"/home/anees/EmbeededSystemProjects/Embedded_Systems/RTOS_Linux/que/ThirdParty/FreeRTOS/portable/GCC/ARM_CM4F" -I../Drivers/STM32F4xx_HAL_Driver/Inc -I../Drivers/STM32F4xx_HAL_Driver/Inc/Legacy -I../Drivers/BSP/STM32F4xx-Nucleo -I../Drivers/CMSIS/Device/ST/STM32F4xx/Include -I../Drivers/CMSIS/Include -I"/home/anees/EmbeededSystemProjects/Embedded_Systems/RTOS_Linux/que/ThirdParty" -I"/home/anees/EmbeededSystemProjects/Embedded_Systems/RTOS_Linux/que/ThirdParty/FreeRTOS/portable" -O0 -ffunction-sections -fdata-sections -Wall -fstack-usage -fcyclomatic-complexity -MMD -MP -MF"Drivers/STM32F4xx_HAL_Driver/Src/stm32f4xx_hal_pwr.d" -MT"Drivers/STM32F4xx_HAL_Driver/Src/stm32f4xx_hal_pwr.o" --specs=nano.specs -mfpu=fpv4-sp-d16 -mfloat-abi=hard -mthumb -o "Drivers/STM32F4xx_HAL_Driver/Src/stm32f4xx_hal_pwr.o"
arm-none-eabi-gcc "../Drivers/STM32F4xx_HAL_Driver/Src/stm32f4xx_hal_pwr_ex.c" -mcpu=cortex-m4 -std=gnu11 -g3 -DDEBUG -DUSE_NUCLEO_64 -DUSE_HAL_DRIVER -DSTM32F446xx -c -I../Core/Inc -I"/home/anees/EmbeededSystemProjects/Embedded_Systems/RTOS_Linux/que/ThirdParty/FreeRTOS/include" -I"/home/anees/EmbeededSystemProjects/Embedded_Systems/RTOS_Linux/que/ThirdParty/FreeRTOS/portable/GCC/ARM_CM4F" -I../Drivers/STM32F4xx_HAL_Driver/Inc -I../Drivers/STM32F4xx_HAL_Driver/Inc/Legacy -I../Drivers/BSP/STM32F4xx-Nucleo -I../Drivers/CMSIS/Device/ST/STM32F4xx/Include -I../Drivers/CMSIS/Include -I"/home/anees/EmbeededSystemProjects/Embedded_Systems/RTOS_Linux/que/ThirdParty" -I"/home/anees/EmbeededSystemProjects/Embedded_Systems/RTOS_Linux/que/ThirdParty/FreeRTOS/portable" -O0 -ffunction-sections -fdata-sections -Wall -fstack-usage -fcyclomatic-complexity -MMD -MP -MF"Drivers/STM32F4xx_HAL_Driver/Src/stm32f4xx_hal_pwr_ex.d" -MT"Drivers/STM32F4xx_HAL_Driver/Src/stm32f4xx_hal_pwr_ex.o" --specs=nano.specs -mfpu=fpv4-sp-d16 -mfloat-abi=hard -mthumb -o "Drivers/STM32F4xx_HAL_Driver/Src/stm32f4xx_hal_pwr_ex.o"
arm-none-eabi-gcc "../Drivers/STM32F4xx_HAL_Driver/Src/stm32f4xx_hal_rcc.c" -mcpu=cortex-m4 -std=gnu11 -g3 -DDEBUG -DUSE_NUCLEO_64 -DUSE_HAL_DRIVER -DSTM32F446xx -c -I../Core/Inc -I"/home/anees/EmbeededSystemProjects/Embedded_Systems/RTOS_Linux/que/ThirdParty/FreeRTOS/include" -I"/home/anees/EmbeededSystemProjects/Embedded_Systems/RTOS_Linux/que/ThirdParty/FreeRTOS/portable/GCC/ARM_CM4F" -I../Drivers/STM32F4xx_HAL_Driver/Inc -I../Drivers/STM32F4xx_HAL_Driver/Inc/Legacy -I../Drivers/BSP/STM32F4xx-Nucleo -I../Drivers/CMSIS/Device/ST/STM32F4xx/Include -I../Drivers/CMSIS/Include -I"/home/anees/EmbeededSystemProjects/Embedded_Systems/RTOS_Linux/que/ThirdParty" -I"/home/anees/EmbeededSystemProjects/Embedded_Systems/RTOS_Linux/que/ThirdParty/FreeRTOS/portable" -O0 -ffunction-sections -fdata-sections -Wall -fstack-usage -fcyclomatic-complexity -MMD -MP -MF"Drivers/STM32F4xx_HAL_Driver/Src/stm32f4xx_hal_rcc.d" -MT"Drivers/STM32F4xx_HAL_Driver/Src/stm32f4xx_hal_rcc.o" --specs=nano.specs -mfpu=fpv4-sp-d16 -mfloat-abi=hard -mthumb -o "Drivers/STM32F4xx_HAL_Driver/Src/stm32f4xx_hal_rcc.o"
arm-none-eabi-gcc "../Drivers/STM32F4xx_HAL_Driver/Src/stm32f4xx_hal_rcc_ex.c" -mcpu=cortex-m4 -std=gnu11 -g3 -DDEBUG -DUSE_NUCLEO_64 -DUSE_HAL_DRIVER -DSTM32F446xx -c -I../Core/Inc -I"/home/anees/EmbeededSystemProjects/Embedded_Systems/RTOS_Linux/que/ThirdParty/FreeRTOS/include" -I"/home/anees/EmbeededSystemProjects/Embedded_Systems/RTOS_Linux/que/ThirdParty/FreeRTOS/portable/GCC/ARM_CM4F" -I../Drivers/STM32F4xx_HAL_Driver/Inc -I../Drivers/STM32F4xx_HAL_Driver/Inc/Legacy -I../Drivers/BSP/STM32F4xx-Nucleo -I../Drivers/CMSIS/Device/ST/STM32F4xx/Include -I../Drivers/CMSIS/Include -I"/home/anees/EmbeededSystemProjects/Embedded_Systems/RTOS_Linux/que/ThirdParty" -I"/home/anees/EmbeededSystemProjects/Embedded_Systems/RTOS_Linux/que/ThirdParty/FreeRTOS/portable" -O0 -ffunction-sections -fdata-sections -Wall -fstack-usage -fcyclomatic-complexity -MMD -MP -MF"Drivers/STM32F4xx_HAL_Driver/Src/stm32f4xx_hal_rcc_ex.d" -MT"Drivers/STM32F4xx_HAL_Driver/Src/stm32f4xx_hal_rcc_ex.o" --specs=nano.specs -mfpu=fpv4-sp-d16 -mfloat-abi=hard -mthumb -o "Drivers/STM32F4xx_HAL_Driver/Src/stm32f4xx_hal_rcc_ex.o"
arm-none-eabi-gcc "../Drivers/BSP/STM32F4xx-Nucleo/stm32f4xx_nucleo.c" -mcpu=cortex-m4 -std=gnu11 -g3 -DDEBUG -DUSE_NUCLEO_64 -DUSE_HAL_DRIVER -DSTM32F446xx -c -I../Core/Inc -I"/home/anees/EmbeededSystemProjects/Embedded_Systems/RTOS_Linux/que/ThirdParty/FreeRTOS/include" -I"/home/anees/EmbeededSystemProjects/Embedded_Systems/RTOS_Linux/que/ThirdParty/FreeRTOS/portable/GCC/ARM_CM4F" -I../Drivers/STM32F4xx_HAL_Driver/Inc -I../Drivers/STM32F4xx_HAL_Driver/Inc/Legacy -I../Drivers/BSP/STM32F4xx-Nucleo -I../Drivers/CMSIS/Device/ST/STM32F4xx/Include -I../Drivers/CMSIS/Include -I"/home/anees/EmbeededSystemProjects/Embedded_Systems/RTOS_Linux/que/ThirdParty" -I"/home/anees/EmbeededSystemProjects/Embedded_Systems/RTOS_Linux/que/ThirdParty/FreeRTOS/portable" -O0 -ffunction-sections -fdata-sections -Wall -fstack-usage -fcyclomatic-complexity -MMD -MP -MF"Drivers/BSP/STM32F4xx-Nucleo/stm32f4xx_nucleo.d" -MT"Drivers/BSP/STM32F4xx-Nucleo/stm32f4xx_nucleo.o" --specs=nano.specs -mfpu=fpv4-sp-d16 -mfloat-abi=hard -mthumb -o "Drivers/BSP/STM32F4xx-Nucleo/stm32f4xx_nucleo.o"
arm-none-eabi-gcc -mcpu=cortex-m4 -g3 -DDEBUG -c -I../Core/Inc -I../Drivers/STM32F4xx_HAL_Driver/Inc -I../Drivers/STM32F4xx_HAL_Driver/Inc/Legacy -I../Middlewares/Third_Party/FreeRTOS/Source/include -I../Middlewares/Third_Party/FreeRTOS/Source/CMSIS_RTOS -I../Middlewares/Third_Party/FreeRTOS/Source/portable/GCC/ARM_CM4F -I../Drivers/BSP/STM32F4xx-Nucleo -I../Drivers/CMSIS/Device/ST/STM32F4xx/Include -I../Drivers/CMSIS/Include -x assembler-with-cpp -MMD -MP -MF"Core/Startup/startup_stm32f446retx.d" -MT"Core/Startup/startup_stm32f446retx.o" --specs=nano.specs -mfpu=fpv4-sp-d16 -mfloat-abi=hard -mthumb -o "Core/Startup/startup_stm32f446retx.o" "../Core/Startup/startup_stm32f446retx.s"
arm-none-eabi-gcc "../Core/Src/main.c" -mcpu=cortex-m4 -std=gnu11 -g3 -DDEBUG -DUSE_NUCLEO_64 -DUSE_HAL_DRIVER -DSTM32F446xx -c -I../Core/Inc -I"/home/anees/EmbeededSystemProjects/Embedded_Systems/RTOS_Linux/que/ThirdParty/FreeRTOS/include" -I"/home/anees/EmbeededSystemProjects/Embedded_Systems/RTOS_Linux/que/ThirdParty/FreeRTOS/portable/GCC/ARM_CM4F" -I../Drivers/STM32F4xx_HAL_Driver/Inc -I../Drivers/STM32F4xx_HAL_Driver/Inc/Legacy -I../Drivers/BSP/STM32F4xx-Nucleo -I../Drivers/CMSIS/Device/ST/STM32F4xx/Include -I../Drivers/CMSIS/Include -I"/home/anees/EmbeededSystemProjects/Embedded_Systems/RTOS_Linux/que/ThirdParty" -I"/home/anees/EmbeededSystemProjects/Embedded_Systems/RTOS_Linux/que/ThirdParty/FreeRTOS/portable" -O0 -ffunction-sections -fdata-sections -Wall -fstack-usage -fcyclomatic-complexity -MMD -MP -MF"Core/Src/main.d" -MT"Core/Src/main.o" --specs=nano.specs -mfpu=fpv4-sp-d16 -mfloat-abi=hard -mthumb -o "Core/Src/main.o"
arm-none-eabi-gcc "../Core/Src/stm32f4xx_hal_msp.c" -mcpu=cortex-m4 -std=gnu11 -g3 -DDEBUG -DUSE_NUCLEO_64 -DUSE_HAL_DRIVER -DSTM32F446xx -c -I../Core/Inc -I"/home/anees/EmbeededSystemProjects/Embedded_Systems/RTOS_Linux/que/ThirdParty/FreeRTOS/include" -I"/home/anees/EmbeededSystemProjects/Embedded_Systems/RTOS_Linux/que/ThirdParty/FreeRTOS/portable/GCC/ARM_CM4F" -I../Drivers/STM32F4xx_HAL_Driver/Inc -I../Drivers/STM32F4xx_HAL_Driver/Inc/Legacy -I../Drivers/BSP/STM32F4xx-Nucleo -I../Drivers/CMSIS/Device/ST/STM32F4xx/Include -I../Drivers/CMSIS/Include -I"/home/anees/EmbeededSystemProjects/Embedded_Systems/RTOS_Linux/que/ThirdParty" -I"/home/anees/EmbeededSystemProjects/Embedded_Systems/RTOS_Linux/que/ThirdParty/FreeRTOS/portable" -O0 -ffunction-sections -fdata-sections -Wall -fstack-usage -fcyclomatic-complexity -MMD -MP -MF"Core/Src/stm32f4xx_hal_msp.d" -MT"Core/Src/stm32f4xx_hal_msp.o" --specs=nano.specs -mfpu=fpv4-sp-d16 -mfloat-abi=hard -mthumb -o "Core/Src/stm32f4xx_hal_msp.o"
arm-none-eabi-gcc "../Core/Src/stm32f4xx_it.c" -mcpu=cortex-m4 -std=gnu11 -g3 -DDEBUG -DUSE_NUCLEO_64 -DUSE_HAL_DRIVER -DSTM32F446xx -c -I../Core/Inc -I"/home/anees/EmbeededSystemProjects/Embedded_Systems/RTOS_Linux/que/ThirdParty/FreeRTOS/include" -I"/home/anees/EmbeededSystemProjects/Embedded_Systems/RTOS_Linux/que/ThirdParty/FreeRTOS/portable/GCC/ARM_CM4F" -I../Drivers/STM32F4xx_HAL_Driver/Inc -I../Drivers/STM32F4xx_HAL_Driver/Inc/Legacy -I../Drivers/BSP/STM32F4xx-Nucleo -I../Drivers/CMSIS/Device/ST/STM32F4xx/Include -I../Drivers/CMSIS/Include -I"/home/anees/EmbeededSystemProjects/Embedded_Systems/RTOS_Linux/que/ThirdParty" -I"/home/anees/EmbeededSystemProjects/Embedded_Systems/RTOS_Linux/que/ThirdParty/FreeRTOS/portable" -O0 -ffunction-sections -fdata-sections -Wall -fstack-usage -fcyclomatic-complexity -MMD -MP -MF"Core/Src/stm32f4xx_it.d" -MT"Core/Src/stm32f4xx_it.o" --specs=nano.specs -mfpu=fpv4-sp-d16 -mfloat-abi=hard -mthumb -o "Core/Src/stm32f4xx_it.o"
arm-none-eabi-gcc "../Core/Src/syscalls.c" -mcpu=cortex-m4 -std=gnu11 -g3 -DDEBUG -DUSE_NUCLEO_64 -DUSE_HAL_DRIVER -DSTM32F446xx -c -I../Core/Inc -I"/home/anees/EmbeededSystemProjects/Embedded_Systems/RTOS_Linux/que/ThirdParty/FreeRTOS/include" -I"/home/anees/EmbeededSystemProjects/Embedded_Systems/RTOS_Linux/que/ThirdParty/FreeRTOS/portable/GCC/ARM_CM4F" -I../Drivers/STM32F4xx_HAL_Driver/Inc -I../Drivers/STM32F4xx_HAL_Driver/Inc/Legacy -I../Drivers/BSP/STM32F4xx-Nucleo -I../Drivers/CMSIS/Device/ST/STM32F4xx/Include -I../Drivers/CMSIS/Include -I"/home/anees/EmbeededSystemProjects/Embedded_Systems/RTOS_Linux/que/ThirdParty" -I"/home/anees/EmbeededSystemProjects/Embedded_Systems/RTOS_Linux/que/ThirdParty/FreeRTOS/portable" -O0 -ffunction-sections -fdata-sections -Wall -fstack-usage -fcyclomatic-complexity -MMD -MP -MF"Core/Src/syscalls.d" -MT"Core/Src/syscalls.o" --specs=nano.specs -mfpu=fpv4-sp-d16 -mfloat-abi=hard -mthumb -o "Core/Src/syscalls.o"
arm-none-eabi-gcc "../Core/Src/sysmem.c" -mcpu=cortex-m4 -std=gnu11 -g3 -DDEBUG -DUSE_NUCLEO_64 -DUSE_HAL_DRIVER -DSTM32F446xx -c -I../Core/Inc -I"/home/anees/EmbeededSystemProjects/Embedded_Systems/RTOS_Linux/que/ThirdParty/FreeRTOS/include" -I"/home/anees/EmbeededSystemProjects/Embedded_Systems/RTOS_Linux/que/ThirdParty/FreeRTOS/portable/GCC/ARM_CM4F" -I../Drivers/STM32F4xx_HAL_Driver/Inc -I../Drivers/STM32F4xx_HAL_Driver/Inc/Legacy -I../Drivers/BSP/STM32F4xx-Nucleo -I../Drivers/CMSIS/Device/ST/STM32F4xx/Include -I../Drivers/CMSIS/Include -I"/home/anees/EmbeededSystemProjects/Embedded_Systems/RTOS_Linux/que/ThirdParty" -I"/home/anees/EmbeededSystemProjects/Embedded_Systems/RTOS_Linux/que/ThirdParty/FreeRTOS/portable" -O0 -ffunction-sections -fdata-sections -Wall -fstack-usage -fcyclomatic-complexity -MMD -MP -MF"Core/Src/sysmem.d" -MT"Core/Src/sysmem.o" --specs=nano.specs -mfpu=fpv4-sp-d16 -mfloat-abi=hard -mthumb -o "Core/Src/sysmem.o"
arm-none-eabi-gcc "../Core/Src/system_stm32f4xx.c" -mcpu=cortex-m4 -std=gnu11 -g3 -DDEBUG -DUSE_NUCLEO_64 -DUSE_HAL_DRIVER -DSTM32F446xx -c -I../Core/Inc -I"/home/anees/EmbeededSystemProjects/Embedded_Systems/RTOS_Linux/que/ThirdParty/FreeRTOS/include" -I"/home/anees/EmbeededSystemProjects/Embedded_Systems/RTOS_Linux/que/ThirdParty/FreeRTOS/portable/GCC/ARM_CM4F" -I../Drivers/STM32F4xx_HAL_Driver/Inc -I../Drivers/STM32F4xx_HAL_Driver/Inc/Legacy -I../Drivers/BSP/STM32F4xx-Nucleo -I../Drivers/CMSIS/Device/ST/STM32F4xx/Include -I../Drivers/CMSIS/Include -I"/home/anees/EmbeededSystemProjects/Embedded_Systems/RTOS_Linux/que/ThirdParty" -I"/home/anees/EmbeededSystemProjects/Embedded_Systems/RTOS_Linux/que/ThirdParty/FreeRTOS/portable" -O0 -ffunction-sections -fdata-sections -Wall -fstack-usage -fcyclomatic-complexity -MMD -MP -MF"Core/Src/system_stm32f4xx.d" -MT"Core/Src/system_stm32f4xx.o" --specs=nano.specs -mfpu=fpv4-sp-d16 -mfloat-abi=hard -mthumb -o "Core/Src/system_stm32f4xx.o"
arm-none-eabi-gcc -o "que.elf" @"objects.list"   -mcpu=cortex-m4 -T"/home/anees/EmbeededSystemProjects/Embedded_Systems/RTOS_Linux/que/STM32F446RETX_FLASH.ld" --specs=nosys.specs -Wl,-Map="que.map" -Wl,--gc-sections -static --specs=nano.specs -mfpu=fpv4-sp-d16 -mfloat-abi=hard -mthumb -Wl,--start-group -lc -lm -Wl,--end-group
Finished building target: que.elf
 
arm-none-eabi-size  que.elf 
arm-none-eabi-objdump -h -S que.elf  > "que.list"
   text	   data	    bss	    dec	    hex	filename
  21280	    116	  79140	 100536	  188b8	que.elf
Finished building: default.size.stdout
 
Finished building: que.list
 
07:00:54 **** Incremental Build of configuration Debug for project que ****
make -j12 all 
arm-none-eabi-size  que.elf 
   text	   data	    bss	    dec	    hex	filename
  21280	    116	  79140	 100536	  188b8	que.elf
Finished building: default.size.stdout
 
